src/app/home-content.tsx(101,51): error TS2339: Property 'split' does not exist on type 'Email'.
src/app/profile/[username]/page.tsx(79,18): error TS2345: Argument of type '{ followersCount: number; followingCount: number; isFollowing: boolean; isFollower: boolean; favoriteMovies: Media[]; watchedMovies: Media[]; favoriteTvShows: Media[]; ... 10 more ...; totalGamesPlatinum: number; }' is not assignable to parameter of type 'SetStateAction<UserProfileWithContent | null>'.
  Type '{ followersCount: number; followingCount: number; isFollowing: boolean; isFollower: boolean; favoriteMovies: Media[]; watchedMovies: Media[]; favoriteTvShows: Media[]; watchedTvShows: Media[]; ... 9 more ...; totalGamesPlatinum: number; }' is missing the following properties from type 'UserProfileWithContent': _id, _username, _firstName, _lastName, and 18 more.
src/app/profile/[username]/page.tsx(93,20): error TS2345: Argument of type 'UserProfile[]' is not assignable to parameter of type 'SetStateAction<Follower[]>'.
  Type 'UserProfile[]' is not assignable to type 'Follower[]'.
    Type 'UserProfile' is not assignable to type 'Follower'.
      Types of property 'username' are incompatible.
        Type 'Username' is not assignable to type 'string'.
src/app/profile/[username]/page.tsx(94,20): error TS2345: Argument of type 'UserProfile[]' is not assignable to parameter of type 'SetStateAction<Follower[]>'.
  Type 'UserProfile[]' is not assignable to type 'Follower[]'.
    Type 'UserProfile' is not assignable to type 'Follower'.
      Types of property 'username' are incompatible.
        Type 'Username' is not assignable to type 'string'.
src/app/profile/[username]/page.tsx(143,22): error TS2345: Argument of type '{ followersCount: number; isFollowing: false; favoriteMovies: Media[]; watchedMovies: Media[]; favoriteTvShows: Media[]; watchedTvShows: Media[]; ... 9 more ...; totalGamesPlatinum: number; }' is not assignable to parameter of type 'SetStateAction<UserProfileWithContent | null>'.
  Type '{ followersCount: number; isFollowing: false; favoriteMovies: Media[]; watchedMovies: Media[]; favoriteTvShows: Media[]; watchedTvShows: Media[]; favoriteGames: Media[]; ... 8 more ...; totalGamesPlatinum: number; }' is missing the following properties from type 'UserProfileWithContent': _id, _username, _firstName, _lastName, and 20 more.
src/app/profile/[username]/page.tsx(156,22): error TS2345: Argument of type '{ followersCount: number; isFollowing: true; favoriteMovies: Media[]; watchedMovies: Media[]; favoriteTvShows: Media[]; watchedTvShows: Media[]; ... 9 more ...; totalGamesPlatinum: number; }' is not assignable to parameter of type 'SetStateAction<UserProfileWithContent | null>'.
  Type '{ followersCount: number; isFollowing: true; favoriteMovies: Media[]; watchedMovies: Media[]; favoriteTvShows: Media[]; watchedTvShows: Media[]; favoriteGames: Media[]; ... 8 more ...; totalGamesPlatinum: number; }' is missing the following properties from type 'UserProfileWithContent': _id, _username, _firstName, _lastName, and 20 more.
src/app/profile/[username]/page.tsx(165,24): error TS2345: Argument of type '(prev: Follower[]) => (UserProfileWithStats | Follower)[]' is not assignable to parameter of type 'SetStateAction<Follower[]>'.
  Type '(prev: Follower[]) => (UserProfileWithStats | Follower)[]' is not assignable to type '(prevState: Follower[]) => Follower[]'.
    Type '(UserProfileWithStats | Follower)[]' is not assignable to type 'Follower[]'.
      Type 'UserProfileWithStats | Follower' is not assignable to type 'Follower'.
        Type 'UserProfileWithStats' is not assignable to type 'Follower'.
          Types of property 'username' are incompatible.
            Type 'Username' is not assignable to type 'string'.
src/app/profile/edit/page.tsx(59,11): error TS2322: Type 'Username' is not assignable to type 'string'.
src/app/profile/edit/page.tsx(175,9): error TS2322: Type 'string | undefined' is not assignable to type 'Username | undefined'.
  Type 'string' is not assignable to type 'Username'.
src/app/profile/edit/page.tsx(183,23): error TS2345: Argument of type '{ avatarUrl?: string | null; bannerUrl?: string | null; username?: string; }' is not assignable to parameter of type 'SetStateAction<UserProfile | null>'.
  Type '{ avatarUrl?: string | null | undefined; bannerUrl?: string | null | undefined; username?: string | undefined; }' is missing the following properties from type 'UserProfile': _id, _username, _firstName, _lastName, and 19 more.
src/components/layout/Header.tsx(131,41): error TS2339: Property 'charAt' does not exist on type 'Username'.
src/components/layout/Header.tsx(140,85): error TS2339: Property 'split' does not exist on type 'Email'.
src/components/layout/Header.tsx(154,43): error TS2339: Property 'charAt' does not exist on type 'Username'.
src/components/layout/Header.tsx(159,70): error TS2339: Property 'split' does not exist on type 'Email'.
src/components/layout/Header.tsx(178,48): error TS2339: Property 'charAt' does not exist on type 'Username'.
src/components/layout/Header.tsx(184,76): error TS2339: Property 'split' does not exist on type 'Email'.
src/components/layout/Header.tsx(186,73): error TS2322: Type 'Email' is not assignable to type 'ReactNode'.
src/components/layout/Header.tsx(192,89): error TS2339: Property 'split' does not exist on type 'Email'.
src/components/layout/Header.tsx(225,97): error TS2339: Property 'charAt' does not exist on type 'Username'.
src/components/layout/Header.tsx(229,132): error TS2339: Property 'split' does not exist on type 'Email'.
src/components/layout/Header.tsx(230,73): error TS2322: Type 'Email' is not assignable to type 'ReactNode'.
src/components/layout/Header.tsx(236,89): error TS2339: Property 'split' does not exist on type 'Email'.
src/components/profile/MediaGrid.tsx(23,20): error TS2322: Type 'MediaId' is not assignable to type 'Key | null | undefined'.
src/components/profile/MediaTabs.tsx(92,24): error TS2322: Type 'MediaId' is not assignable to type 'Key | null | undefined'.
src/components/profile/ProfileHeader.tsx(53,40): error TS2339: Property 'charAt' does not exist on type 'Username'.
src/components/profile/ProfileHeader.tsx(62,17): error TS2322: Type 'Username' is not assignable to type 'ReactNode'.
src/infrastructure/hooks/use-batch-episode-toggle.ts(77,19): error TS2322: Type '{ tmdbId: number; seasonNumber: number; episodeNumber: number; }[]' is not assignable to type 'WatchedEpisode[]'.
  Type '{ tmdbId: number; seasonNumber: number; episodeNumber: number; }' is missing the following properties from type 'WatchedEpisode': toMediaId, equals
src/infrastructure/hooks/use-batch-episode-toggle.ts(106,36): error TS2345: Argument of type '{ tmdbId: number; seasonNumber: number; episodeNumber: number; }' is not assignable to parameter of type 'WatchedEpisode'.
  Type '{ tmdbId: number; seasonNumber: number; episodeNumber: number; }' is missing the following properties from type 'WatchedEpisode': toMediaId, equals
src/infrastructure/hooks/use-episode-toggle.ts(62,9): error TS2345: Argument of type '(old: WatchedEpisodesResponse | undefined) => { watchedEpisodes: { tmdbId: number; seasonNumber: number; episodeNumber: number; }[]; } | { watchedEpisodes: WatchedEpisode[]; }' is not assignable to parameter of type 'Updater<WatchedEpisodesResponse | undefined, WatchedEpisodesResponse | undefined>'.
  Type '(old: WatchedEpisodesResponse | undefined) => { watchedEpisodes: { tmdbId: number; seasonNumber: number; episodeNumber: number; }[]; } | { watchedEpisodes: WatchedEpisode[]; }' is not assignable to type '(input: WatchedEpisodesResponse | undefined) => WatchedEpisodesResponse | undefined'.
    Type '{ watchedEpisodes: { tmdbId: number; seasonNumber: number; episodeNumber: number; }[]; } | { watchedEpisodes: WatchedEpisode[]; }' is not assignable to type 'WatchedEpisodesResponse | undefined'.
      Type '{ watchedEpisodes: { tmdbId: number; seasonNumber: number; episodeNumber: number; }[]; }' is not assignable to type 'WatchedEpisodesResponse'.
        Types of property 'watchedEpisodes' are incompatible.
          Type '{ tmdbId: number; seasonNumber: number; episodeNumber: number; }[]' is not assignable to type 'WatchedEpisode[]'.
            Type '{ tmdbId: number; seasonNumber: number; episodeNumber: number; }' is missing the following properties from type 'WatchedEpisode': toMediaId, equals
src/infrastructure/hooks/use-episode-toggle.ts(86,36): error TS2345: Argument of type '{ tmdbId: number; seasonNumber: number; episodeNumber: number; }' is not assignable to parameter of type 'WatchedEpisode'.
  Type '{ tmdbId: number; seasonNumber: number; episodeNumber: number; }' is missing the following properties from type 'WatchedEpisode': toMediaId, equals
src/infrastructure/hooks/use-episode-toggle.ts(164,9): error TS2345: Argument of type '(old: WatchedEpisodesResponse | undefined) => { watchedEpisodes: { tmdbId: number; seasonNumber: number; episodeNumber: number; }[]; } | { watchedEpisodes: WatchedEpisode[]; }' is not assignable to parameter of type 'Updater<WatchedEpisodesResponse | undefined, WatchedEpisodesResponse | undefined>'.
  Type '(old: WatchedEpisodesResponse | undefined) => { watchedEpisodes: { tmdbId: number; seasonNumber: number; episodeNumber: number; }[]; } | { watchedEpisodes: WatchedEpisode[]; }' is not assignable to type '(input: WatchedEpisodesResponse | undefined) => WatchedEpisodesResponse | undefined'.
    Type '{ watchedEpisodes: { tmdbId: number; seasonNumber: number; episodeNumber: number; }[]; } | { watchedEpisodes: WatchedEpisode[]; }' is not assignable to type 'WatchedEpisodesResponse | undefined'.
      Type '{ watchedEpisodes: { tmdbId: number; seasonNumber: number; episodeNumber: number; }[]; }' is not assignable to type 'WatchedEpisodesResponse'.
        Types of property 'watchedEpisodes' are incompatible.
          Type '{ tmdbId: number; seasonNumber: number; episodeNumber: number; }[]' is not assignable to type 'WatchedEpisode[]'.
            Type '{ tmdbId: number; seasonNumber: number; episodeNumber: number; }' is missing the following properties from type 'WatchedEpisode': toMediaId, equals
src/infrastructure/hooks/use-episode-toggle.ts(188,36): error TS2345: Argument of type '{ tmdbId: number; seasonNumber: number; episodeNumber: number; }' is not assignable to parameter of type 'WatchedEpisode'.
  Type '{ tmdbId: number; seasonNumber: number; episodeNumber: number; }' is missing the following properties from type 'WatchedEpisode': toMediaId, equals
src/infrastructure/persistence/supabase/auth/user.mapper.ts(22,7): error TS2322: Type 'Email' is not assignable to type 'string'.
src/infrastructure/persistence/supabase/media/supabase-user-media.repository.ts(98,7): error TS2322: Type 'MediaId' is not assignable to type 'string'.
src/infrastructure/persistence/supabase/media/supabase-user-media.repository.ts(114,16): error TS2352: Conversion of type 'string' to type 'MediaId' may be a mistake because neither type sufficiently overlaps with the other. If this was intentional, convert the expression to 'unknown' first.
src/infrastructure/persistence/supabase/social/supabase-user-profile.repository.ts(255,19): error TS2352: Conversion of type 'string' to type 'MediaId' may be a mistake because neither type sufficiently overlaps with the other. If this was intentional, convert the expression to 'unknown' first.
src/infrastructure/persistence/supabase/social/supabase-user-profile.repository.ts(321,5): error TS2740: Type '{ favoriteMovies: Media[]; watchedMovies: Media[]; favoriteTvShows: Media[]; watchedTvShows: Media[]; favoriteGames: Media[]; watchedGames: Media[]; followersCount: number; ... 10 more ...; totalGamesPlatinum: number; }' is missing the following properties from type 'UserProfileWithContent': _id, _username, _firstName, _lastName, and 18 more.
src/infrastructure/persistence/supabase/social/supabase-user-profile.repository.ts(501,7): error TS2322: Type 'string' is not assignable to type 'Username'.
src/infrastructure/persistence/supabase/social/supabase-user-profile.repository.ts(511,5): error TS2740: Type '{ totalMovieMinutes: number; totalTvMinutes: number; totalGameMinutes: number; totalMinutes: number; totalEpisodesWatched: number; totalMoviesWatched: number; totalGamesPlayed: number; totalGamesPlatinum: number; }' is missing the following properties from type 'UserProfileWithStats': _id, _username, _firstName, _lastName, and 22 more.
tests/unit/modules/auth/user.entity.test.ts(6,34): error TS2345: Argument of type 'string' is not assignable to parameter of type 'Email'.
tests/unit/modules/auth/user.entity.test.ts(14,34): error TS2345: Argument of type 'string' is not assignable to parameter of type 'Email'.
tests/unit/modules/auth/user.entity.test.ts(22,34): error TS2345: Argument of type 'string' is not assignable to parameter of type 'Email'.
tests/unit/modules/auth/user.entity.test.ts(23,17): error TS2551: Property 'isEmailVerified' does not exist on type 'User'. Did you mean 'emailVerified'?
tests/unit/modules/auth/user.entity.test.ts(27,34): error TS2345: Argument of type 'string' is not assignable to parameter of type 'Email'.
tests/unit/modules/auth/user.entity.test.ts(28,17): error TS2551: Property 'isEmailVerified' does not exist on type 'User'. Did you mean 'emailVerified'?
tests/unit/modules/auth/user.entity.test.ts(43,17): error TS2551: Property 'isEmailVerified' does not exist on type 'User'. Did you mean 'emailVerified'?
tests/unit/modules/media/user-media-state.test.ts(8,7): error TS2322: Type 'string' is not assignable to type 'MediaId'.
tests/unit/modules/media/user-media-state.test.ts(26,7): error TS2322: Type 'string' is not assignable to type 'MediaId'.
tests/unit/modules/media/user-media-state.test.ts(45,7): error TS2322: Type 'string' is not assignable to type 'MediaId'.
tests/unit/modules/media/user-media-state.test.ts(54,7): error TS2322: Type 'string' is not assignable to type 'MediaId'.
tests/unit/modules/media/user-media-state.test.ts(61,30): error TS2339: Property 'startsWith' does not exist on type 'MediaId'.
tests/unit/modules/media/user-media-state.test.ts(62,29): error TS2339: Property 'startsWith' does not exist on type 'MediaId'.
tests/unit/modules/media/user-media-state.test.ts(68,7): error TS2322: Type 'string' is not assignable to type 'MediaId'.
tests/unit/modules/media/user-media-state.test.ts(77,7): error TS2322: Type 'string' is not assignable to type 'MediaId'.
tests/unit/modules/media/user-media-state.test.ts(86,7): error TS2322: Type 'string' is not assignable to type 'MediaId'.
tests/unit/modules/social/user-profile.test.ts(18,9): error TS2322: Type 'string' is not assignable to type 'Username'.
tests/unit/modules/social/user-profile.test.ts(32,9): error TS2322: Type 'string' is not assignable to type 'Username'.
tests/unit/modules/social/user-profile.test.ts(48,9): error TS2322: Type 'string' is not assignable to type 'Username'.
tests/unit/modules/social/user-profile.test.ts(92,9): error TS2322: Type 'string' is not assignable to type 'MediaId'.
tests/unit/modules/social/user-profile.test.ts(99,9): error TS2322: Type 'string' is not assignable to type 'MediaId'.
tests/unit/modules/social/user-profile.test.ts(105,9): error TS2322: Type 'string' is not assignable to type 'MediaId'.
tests/unit/modules/social/user-profile.test.ts(114,9): error TS2322: Type 'string' is not assignable to type 'Username'.
tests/unit/modules/social/user-profile.test.ts(148,9): error TS2322: Type 'string' is not assignable to type 'Username'.
tests/unit/modules/social/user-profile.test.ts(211,9): error TS2322: Type 'string' is not assignable to type 'MediaId'.
tests/unit/modules/social/user-profile.test.ts(222,9): error TS2322: Type 'string' is not assignable to type 'MediaId'.
tests/unit/modules/social/user-profile.test.ts(232,9): error TS2322: Type 'string' is not assignable to type 'MediaId'.
